11111
22222222
333333
444444
